../Core/Src/main.c:91:5:main	8	static
../Core/Src/main.c:152:6:SystemClock_Config	96	static
../Core/Src/main.c:203:13:MX_CRC_Init	8	static
../Core/Src/main.c:234:13:MX_LPUART1_UART_Init	8	static
../Core/Src/main.c:268:13:MX_USART2_UART_Init	8	static
../Core/Src/main.c:303:13:MX_GPIO_Init	48	static
../Core/Src/main.c:368:6:printmsg	96	static
../Core/Src/main.c:383:6:bootloader_jump_to_user_app	24	static,ignoring_inline_asm
../Core/Src/main.c:423:6:bootloader_uart_read_data	16	static
../Core/Src/main.c:486:6:bootloader_handle_getver_cmd	32	static
../Core/Src/main.c:514:6:bootloader_handle_gethelp_cmd	24	static
../Core/Src/main.c:535:6:bootloader_handle_getcid_cmd	32	static
../Core/Src/main.c:563:6:bootloader_handle_getrdp_cmd	32	static
../Core/Src/main.c:587:6:bootloader_handle_go_cmd	40	static
../Core/Src/main.c:649:6:bootloader_handle_flash_erase_cmd	32	static
../Core/Src/main.c:681:6:bootloader_handle_mem_write_cmd	40	static
../Core/Src/main.c:742:6:bootloader_handle_en_rw_protect	16	static
../Core/Src/main.c:748:6:bootloader_send_nack	16	static
../Core/Src/main.c:755:6:bootloader_send_ack	24	static
../Core/Src/main.c:764:9:bootloader_verify_crc	40	static
../Core/Src/main.c:784:9:get_bootloader_version	4	static
../Core/Src/main.c:789:6:bootloader_uart_write_data	16	static
../Core/Src/main.c:794:10:get_mcu_chip_id	16	static
../Core/Src/main.c:810:9:get_flash_rdp_level	16	static
../Core/Src/main.c:836:9:verify_address	16	static
../Core/Src/main.c:855:9:execute_flash_erase	40	static
../Core/Src/main.c:895:9:execute_mem_write	104	static
../Core/Src/main.c:933:6:Error_Handler	4	static,ignoring_inline_asm
