23:52:12 **** Incremental Build of configuration Debug for project Bootloader_STM32L496xx ****
make -j16 all 
arm-none-eabi-gcc "../Core/Src/main.c" -mcpu=cortex-m4 -std=gnu11 -g3 -DDEBUG -DUSE_HAL_DRIVER -DSTM32L496xx -c -I../Core/Inc -I../Drivers/STM32L4xx_HAL_Driver/Inc -I../Drivers/STM32L4xx_HAL_Driver/Inc/Legacy -I../Drivers/CMSIS/Device/ST/STM32L4xx/Include -I../Drivers/CMSIS/Include -O0 -ffunction-sections -fdata-sections -Wall -fstack-usage -fcyclomatic-complexity -MMD -MP -MF"Core/Src/main.d" -MT"Core/Src/main.o" --specs=nano.specs -mfpu=fpv4-sp-d16 -mfloat-abi=hard -mthumb -o "Core/Src/main.o"
arm-none-eabi-gcc "../Core/Src/stm32l4xx_hal_msp.c" -mcpu=cortex-m4 -std=gnu11 -g3 -DDEBUG -DUSE_HAL_DRIVER -DSTM32L496xx -c -I../Core/Inc -I../Drivers/STM32L4xx_HAL_Driver/Inc -I../Drivers/STM32L4xx_HAL_Driver/Inc/Legacy -I../Drivers/CMSIS/Device/ST/STM32L4xx/Include -I../Drivers/CMSIS/Include -O0 -ffunction-sections -fdata-sections -Wall -fstack-usage -fcyclomatic-complexity -MMD -MP -MF"Core/Src/stm32l4xx_hal_msp.d" -MT"Core/Src/stm32l4xx_hal_msp.o" --specs=nano.specs -mfpu=fpv4-sp-d16 -mfloat-abi=hard -mthumb -o "Core/Src/stm32l4xx_hal_msp.o"
arm-none-eabi-gcc "../Core/Src/stm32l4xx_it.c" -mcpu=cortex-m4 -std=gnu11 -g3 -DDEBUG -DUSE_HAL_DRIVER -DSTM32L496xx -c -I../Core/Inc -I../Drivers/STM32L4xx_HAL_Driver/Inc -I../Drivers/STM32L4xx_HAL_Driver/Inc/Legacy -I../Drivers/CMSIS/Device/ST/STM32L4xx/Include -I../Drivers/CMSIS/Include -O0 -ffunction-sections -fdata-sections -Wall -fstack-usage -fcyclomatic-complexity -MMD -MP -MF"Core/Src/stm32l4xx_it.d" -MT"Core/Src/stm32l4xx_it.o" --specs=nano.specs -mfpu=fpv4-sp-d16 -mfloat-abi=hard -mthumb -o "Core/Src/stm32l4xx_it.o"
arm-none-eabi-gcc -o "Bootloader_STM32L496xx.elf" @"objects.list"   -mcpu=cortex-m4 -T"D:\EmbeddedSystems\Workspace_Bootloader\Bootloader_STM32L496xx\STM32L496ZGTXP_FLASH.ld" --specs=nosys.specs -Wl,-Map="Bootloader_STM32L496xx.map" -Wl,--gc-sections -static --specs=nano.specs -mfpu=fpv4-sp-d16 -mfloat-abi=hard -mthumb -Wl,--start-group -lc -lm -Wl,--end-group
Finished building target: Bootloader_STM32L496xx.elf
 
arm-none-eabi-size  Bootloader_STM32L496xx.elf 
arm-none-eabi-objdump -h -S Bootloader_STM32L496xx.elf  > "Bootloader_STM32L496xx.list"
   text	   data	    bss	    dec	    hex	filename
  19360	    100	   2412	  21872	   5570	Bootloader_STM32L496xx.elf
Finished building: default.size.stdout
 
Finished building: Bootloader_STM32L496xx.list
 
23:57:50 **** Incremental Build of configuration Debug for project Bootloader_STM32L496xx ****
make -j16 all 
arm-none-eabi-gcc "../Core/Src/main.c" -mcpu=cortex-m4 -std=gnu11 -g3 -DDEBUG -DUSE_HAL_DRIVER -DSTM32L496xx -c -I../Core/Inc -I../Drivers/STM32L4xx_HAL_Driver/Inc -I../Drivers/STM32L4xx_HAL_Driver/Inc/Legacy -I../Drivers/CMSIS/Device/ST/STM32L4xx/Include -I../Drivers/CMSIS/Include -O0 -ffunction-sections -fdata-sections -Wall -fstack-usage -fcyclomatic-complexity -MMD -MP -MF"Core/Src/main.d" -MT"Core/Src/main.o" --specs=nano.specs -mfpu=fpv4-sp-d16 -mfloat-abi=hard -mthumb -o "Core/Src/main.o"
arm-none-eabi-gcc -o "Bootloader_STM32L496xx.elf" @"objects.list"   -mcpu=cortex-m4 -T"D:\EmbeddedSystems\Workspace_Bootloader\Bootloader_STM32L496xx\STM32L496ZGTXP_FLASH.ld" --specs=nosys.specs -Wl,-Map="Bootloader_STM32L496xx.map" -Wl,--gc-sections -static --specs=nano.specs -mfpu=fpv4-sp-d16 -mfloat-abi=hard -mthumb -Wl,--start-group -lc -lm -Wl,--end-group
Finished building target: Bootloader_STM32L496xx.elf
 
arm-none-eabi-size  Bootloader_STM32L496xx.elf 
arm-none-eabi-objdump -h -S Bootloader_STM32L496xx.elf  > "Bootloader_STM32L496xx.list"
   text	   data	    bss	    dec	    hex	filename
  19360	    100	   2412	  21872	   5570	Bootloader_STM32L496xx.elf
Finished building: default.size.stdout
 
Finished building: Bootloader_STM32L496xx.list
 
