21:02:47 **** Incremental Build of configuration Debug for project User_App_STM32L496xx ****
make -j16 all 
arm-none-eabi-gcc -o "User_App_STM32L496xx.elf" @"objects.list"   -mcpu=cortex-m4 -T"D:\EmbeddedSystems\Workspace_Bootloader\User_App_STM32L496xx\STM32L496ZGTXP_FLASH.ld" --specs=nosys.specs -Wl,-Map="User_App_STM32L496xx.map" -Wl,--gc-sections -static --specs=nano.specs -mfpu=fpv4-sp-d16 -mfloat-abi=hard -mthumb -Wl,--start-group -lc -lm -Wl,--end-group
Finished building target: User_App_STM32L496xx.elf
 
arm-none-eabi-size  User_App_STM32L496xx.elf 
arm-none-eabi-objdump -h -S User_App_STM32L496xx.elf  > "User_App_STM32L496xx.list"
arm-none-eabi-objcopy  -O binary User_App_STM32L496xx.elf  "User_App_STM32L496xx.bin"
   text	   data	    bss	    dec	    hex	filename
  13544	     32	   1840	  15416	   3c38	User_App_STM32L496xx.elf
Finished building: default.size.stdout
 
Finished building: User_App_STM32L496xx.bin
Finished building: User_App_STM32L496xx.list
 
 

21:02:48 Build Finished. 0 errors, 0 warnings. (took 1s.76ms)

